<?xml version="1.0" encoding="UTF-8" standalone="yes"?>
<testsuites>
  <testsuite name="UIAuto" timestamp="2021-08-05T22:18:25" time="11.251" tests="2" failures="0" errors="0" skipped="0">
    <properties>
      <property name="specId" value="0"/>
      <property name="suiteName" value="Sanity Tests for MCMP"/>
      <property name="capabilities" value="chrome.92_0_4515_107.linux"/>
      <property name="file" value="./e2e/specs/login.spec.js"/>
    </properties>
    <testcase classname="chrome.92_0_4515_107.linux.Sanity Tests for MCMP" name="Go to Catalog page" time="8.949">
      <system-out>
COMMAND: POST /session/e09c50fc9c83f7e57264b846bb8e165b/frame - {"id":null}
COMMAND: POST /session/e09c50fc9c83f7e57264b846bb8e165b/element - {"using":"css selector","value":"ibm-hamburger button"}
RESULT: {"id":null}
RESULT: {"using":"css selector","value":"ibm-hamburger button"}
COMMAND: POST /session/e09c50fc9c83f7e57264b846bb8e165b/execute/sync - {"script":"return (function isElementDisplayed(element) {\n    function nodeIsElement(node) {\n        if (!node) {\n            return false;\n        }\n        switch (node.nodeType) {\n            case Node.ELEMEN ... (7762 more bytes)","args":[{"element-6066-11e4-a52e-4f735466cecf":"3af97db7-6784-441a-929e-f5defd61d426","ELEMENT":"3af97db7-6784-441a-929e-f5defd61d426"}]}
RESULT: {"script":"return (function isElementDisplayed(element) {\n    function nodeIsElement(node) {\n        if (!node) {\n            return false;\n        }\n        switch (node.nodeType) {\n            case Node.ELEMEN ... (7762 more bytes)","args":[{"element-6066-11e4-a52e-4f735466cecf":"3af97db7-6784-441a-929e-f5defd61d426","ELEMENT":"3af97db7-6784-441a-929e-f5defd61d426"}]}
COMMAND: POST /session/e09c50fc9c83f7e57264b846bb8e165b/execute/sync - {"script":"return (function isElementClickable(elem) {\n    if (!elem.getBoundingClientRect || !elem.scrollIntoView || !elem.contains || !elem.getClientRects || !document.elementFromPoint) {\n        return false; ... (5149 more bytes)","args":[{"element-6066-11e4-a52e-4f735466cecf":"3af97db7-6784-441a-929e-f5defd61d426","ELEMENT":"3af97db7-6784-441a-929e-f5defd61d426"}]}
RESULT: {"script":"return (function isElementClickable(elem) {\n    if (!elem.getBoundingClientRect || !elem.scrollIntoView || !elem.contains || !elem.getClientRects || !document.elementFromPoint) {\n        return false; ... (5149 more bytes)","args":[{"element-6066-11e4-a52e-4f735466cecf":"3af97db7-6784-441a-929e-f5defd61d426","ELEMENT":"3af97db7-6784-441a-929e-f5defd61d426"}]}
COMMAND: POST /session/e09c50fc9c83f7e57264b846bb8e165b/element/3af97db7-6784-441a-929e-f5defd61d426/click - {}
RESULT: {}
COMMAND: GET /session/e09c50fc9c83f7e57264b846bb8e165b/screenshot - {}
COMMAND: POST /session/e09c50fc9c83f7e57264b846bb8e165b/element - {"using":"css selector","value":".bx--side-nav__submenu"}
RESULT: {}
RESULT: {"using":"css selector","value":".bx--side-nav__submenu"}
COMMAND: POST /session/e09c50fc9c83f7e57264b846bb8e165b/execute/sync - {"script":"return (function isElementDisplayed(element) {\n    function nodeIsElement(node) {\n        if (!node) {\n            return false;\n        }\n        switch (node.nodeType) {\n            case Node.ELEMEN ... (7762 more bytes)","args":[{"element-6066-11e4-a52e-4f735466cecf":"f986289e-6cd2-4c06-93d3-16a52b454119","ELEMENT":"f986289e-6cd2-4c06-93d3-16a52b454119"}]}
RESULT: {"script":"return (function isElementDisplayed(element) {\n    function nodeIsElement(node) {\n        if (!node) {\n            return false;\n        }\n        switch (node.nodeType) {\n            case Node.ELEMEN ... (7762 more bytes)","args":[{"element-6066-11e4-a52e-4f735466cecf":"f986289e-6cd2-4c06-93d3-16a52b454119","ELEMENT":"f986289e-6cd2-4c06-93d3-16a52b454119"}]}
COMMAND: POST /session/e09c50fc9c83f7e57264b846bb8e165b/execute/sync - {"script":"return (function isElementClickable(elem) {\n    if (!elem.getBoundingClientRect || !elem.scrollIntoView || !elem.contains || !elem.getClientRects || !document.elementFromPoint) {\n        return false; ... (5149 more bytes)","args":[{"element-6066-11e4-a52e-4f735466cecf":"f986289e-6cd2-4c06-93d3-16a52b454119","ELEMENT":"f986289e-6cd2-4c06-93d3-16a52b454119"}]}
RESULT: {"script":"return (function isElementClickable(elem) {\n    if (!elem.getBoundingClientRect || !elem.scrollIntoView || !elem.contains || !elem.getClientRects || !document.elementFromPoint) {\n        return false; ... (5149 more bytes)","args":[{"element-6066-11e4-a52e-4f735466cecf":"f986289e-6cd2-4c06-93d3-16a52b454119","ELEMENT":"f986289e-6cd2-4c06-93d3-16a52b454119"}]}
COMMAND: POST /session/e09c50fc9c83f7e57264b846bb8e165b/element - {"using":"xpath","value":"//*[@class='bx--side-nav__submenu']//*[text()='Enterprise Marketplace']"}
RESULT: {"using":"xpath","value":"//*[@class='bx--side-nav__submenu']//*[text()='Enterprise Marketplace']"}
COMMAND: POST /session/e09c50fc9c83f7e57264b846bb8e165b/execute/sync - {"script":"return (function isElementDisplayed(element) {\n    function nodeIsElement(node) {\n        if (!node) {\n            return false;\n        }\n        switch (node.nodeType) {\n            case Node.ELEMEN ... (7762 more bytes)","args":[{"element-6066-11e4-a52e-4f735466cecf":"e8151f5d-8e4a-4c72-a1c1-83632f160bff","ELEMENT":"e8151f5d-8e4a-4c72-a1c1-83632f160bff"}]}
RESULT: {"script":"return (function isElementDisplayed(element) {\n    function nodeIsElement(node) {\n        if (!node) {\n            return false;\n        }\n        switch (node.nodeType) {\n            case Node.ELEMEN ... (7762 more bytes)","args":[{"element-6066-11e4-a52e-4f735466cecf":"e8151f5d-8e4a-4c72-a1c1-83632f160bff","ELEMENT":"e8151f5d-8e4a-4c72-a1c1-83632f160bff"}]}
COMMAND: POST /session/e09c50fc9c83f7e57264b846bb8e165b/execute/sync - {"script":"return (function isElementClickable(elem) {\n    if (!elem.getBoundingClientRect || !elem.scrollIntoView || !elem.contains || !elem.getClientRects || !document.elementFromPoint) {\n        return false; ... (5149 more bytes)","args":[{"element-6066-11e4-a52e-4f735466cecf":"e8151f5d-8e4a-4c72-a1c1-83632f160bff","ELEMENT":"e8151f5d-8e4a-4c72-a1c1-83632f160bff"}]}
RESULT: {"script":"return (function isElementClickable(elem) {\n    if (!elem.getBoundingClientRect || !elem.scrollIntoView || !elem.contains || !elem.getClientRects || !document.elementFromPoint) {\n        return false; ... (5149 more bytes)","args":[{"element-6066-11e4-a52e-4f735466cecf":"e8151f5d-8e4a-4c72-a1c1-83632f160bff","ELEMENT":"e8151f5d-8e4a-4c72-a1c1-83632f160bff"}]}
COMMAND: POST /session/e09c50fc9c83f7e57264b846bb8e165b/element/e8151f5d-8e4a-4c72-a1c1-83632f160bff/click - {}
RESULT: {}
COMMAND: GET /session/e09c50fc9c83f7e57264b846bb8e165b/screenshot - {}
COMMAND: POST /session/e09c50fc9c83f7e57264b846bb8e165b/element - {"using":"xpath","value":"//*[@class='bx--side-nav__submenu-title' and text()='Enterprise Marketplace']/parent::button"}
RESULT: {"using":"xpath","value":"//*[@class='bx--side-nav__submenu-title' and text()='Enterprise Marketplace']/parent::button"}
COMMAND: GET /session/e09c50fc9c83f7e57264b846bb8e165b/element/5e4392b2-ac6e-4742-b1be-47dd61b85385/enabled - {}
RESULT: {}
RESULT: {}
COMMAND: GET /session/e09c50fc9c83f7e57264b846bb8e165b/screenshot - {}
COMMAND: GET /session/e09c50fc9c83f7e57264b846bb8e165b/element/5e4392b2-ac6e-4742-b1be-47dd61b85385/attribute/aria-expanded - {}
RESULT: {}
RESULT: {}
COMMAND: POST /session/e09c50fc9c83f7e57264b846bb8e165b/element - {"using":"css selector","value":".bx--side-nav__link"}
RESULT: {"using":"css selector","value":".bx--side-nav__link"}
COMMAND: POST /session/e09c50fc9c83f7e57264b846bb8e165b/execute/sync - {"script":"return (function isElementDisplayed(element) {\n    function nodeIsElement(node) {\n        if (!node) {\n            return false;\n        }\n        switch (node.nodeType) {\n            case Node.ELEMEN ... (7762 more bytes)","args":[{"element-6066-11e4-a52e-4f735466cecf":"d885001a-bc99-4bbe-b91f-4672428ccd93","ELEMENT":"d885001a-bc99-4bbe-b91f-4672428ccd93"}]}
RESULT: {"script":"return (function isElementDisplayed(element) {\n    function nodeIsElement(node) {\n        if (!node) {\n            return false;\n        }\n        switch (node.nodeType) {\n            case Node.ELEMEN ... (7762 more bytes)","args":[{"element-6066-11e4-a52e-4f735466cecf":"d885001a-bc99-4bbe-b91f-4672428ccd93","ELEMENT":"d885001a-bc99-4bbe-b91f-4672428ccd93"}]}
COMMAND: POST /session/e09c50fc9c83f7e57264b846bb8e165b/execute/sync - {"script":"return (function isElementClickable(elem) {\n    if (!elem.getBoundingClientRect || !elem.scrollIntoView || !elem.contains || !elem.getClientRects || !document.elementFromPoint) {\n        return false; ... (5149 more bytes)","args":[{"element-6066-11e4-a52e-4f735466cecf":"d885001a-bc99-4bbe-b91f-4672428ccd93","ELEMENT":"d885001a-bc99-4bbe-b91f-4672428ccd93"}]}
RESULT: {"script":"return (function isElementClickable(elem) {\n    if (!elem.getBoundingClientRect || !elem.scrollIntoView || !elem.contains || !elem.getClientRects || !document.elementFromPoint) {\n        return false; ... (5149 more bytes)","args":[{"element-6066-11e4-a52e-4f735466cecf":"d885001a-bc99-4bbe-b91f-4672428ccd93","ELEMENT":"d885001a-bc99-4bbe-b91f-4672428ccd93"}]}
COMMAND: POST /session/e09c50fc9c83f7e57264b846bb8e165b/element - {"using":"xpath","value":"//*[@class='bx--side-nav__link']//*[contains(text(),'Catalog')]"}
RESULT: {"using":"xpath","value":"//*[@class='bx--side-nav__link']//*[contains(text(),'Catalog')]"}
COMMAND: POST /session/e09c50fc9c83f7e57264b846bb8e165b/execute/sync - {"script":"return (function isElementDisplayed(element) {\n    function nodeIsElement(node) {\n        if (!node) {\n            return false;\n        }\n        switch (node.nodeType) {\n            case Node.ELEMEN ... (7762 more bytes)","args":[{"element-6066-11e4-a52e-4f735466cecf":"b4c9a4d5-4613-4ecb-bd94-f5d1d248e21b","ELEMENT":"b4c9a4d5-4613-4ecb-bd94-f5d1d248e21b"}]}
RESULT: {"script":"return (function isElementDisplayed(element) {\n    function nodeIsElement(node) {\n        if (!node) {\n            return false;\n        }\n        switch (node.nodeType) {\n            case Node.ELEMEN ... (7762 more bytes)","args":[{"element-6066-11e4-a52e-4f735466cecf":"b4c9a4d5-4613-4ecb-bd94-f5d1d248e21b","ELEMENT":"b4c9a4d5-4613-4ecb-bd94-f5d1d248e21b"}]}
COMMAND: POST /session/e09c50fc9c83f7e57264b846bb8e165b/execute/sync - {"script":"return (function isElementClickable(elem) {\n    if (!elem.getBoundingClientRect || !elem.scrollIntoView || !elem.contains || !elem.getClientRects || !document.elementFromPoint) {\n        return false; ... (5149 more bytes)","args":[{"element-6066-11e4-a52e-4f735466cecf":"b4c9a4d5-4613-4ecb-bd94-f5d1d248e21b","ELEMENT":"b4c9a4d5-4613-4ecb-bd94-f5d1d248e21b"}]}
RESULT: {"script":"return (function isElementClickable(elem) {\n    if (!elem.getBoundingClientRect || !elem.scrollIntoView || !elem.contains || !elem.getClientRects || !document.elementFromPoint) {\n        return false; ... (5149 more bytes)","args":[{"element-6066-11e4-a52e-4f735466cecf":"b4c9a4d5-4613-4ecb-bd94-f5d1d248e21b","ELEMENT":"b4c9a4d5-4613-4ecb-bd94-f5d1d248e21b"}]}
COMMAND: POST /session/e09c50fc9c83f7e57264b846bb8e165b/element/b4c9a4d5-4613-4ecb-bd94-f5d1d248e21b/click - {}
RESULT: {}
COMMAND: GET /session/e09c50fc9c83f7e57264b846bb8e165b/screenshot - {}
COMMAND: POST /session/e09c50fc9c83f7e57264b846bb8e165b/element - {"using":"css selector","value":"#mcmp-iframe"}
RESULT: {"using":"css selector","value":"#mcmp-iframe"}
COMMAND: POST /session/e09c50fc9c83f7e57264b846bb8e165b/frame - {"id":{"sessionId":"e09c50fc9c83f7e57264b846bb8e165b","elementId":"f3cbaba4-d9e1-4d1f-adf2-45acc2b5ede1","element-6066-11e4-a52e-4f735466cecf":"f3cbaba4-d9e1-4d1f-adf2-45acc2b5ede1","selector":"#mcmp-iframe","parent":{"capabilities":{"acceptInsecureCerts":true,"browserName":"chrome","browserVersion":"92.0.4515.107","chrome":{"chromedriverVersion":"92.0.4515.107 (87a818b10553a07434ea9e2b6dccf3cbe7895134-refs/branch-heads/4515@{#1634})","userDataDir":"/tmp/.com.google.Chrome.zc8QRt"},"goog:chromeOptions":{"debuggerAddress":"localhost:35545"},"networkConnectionEnabled":false,"pageLoadStrategy":"normal","platformName":"linux","proxy":{},"setWindowRect":true,"_":"7 more keys: [\"strictFileInteractability\",\"timeouts\",\"unhandledPromptBehavior\",\"webauthn:extension:credBlob\",\"webauthn:extension:largeBlob\",\"webauthn:virtualAuthenticators\",\"webdriver.remote.sessionid\"]"},"config":{"specs":["./e2e/specs/login.spec.js"],"suites":{},"exclude":[],"outputDir":"wdio-logs","logLevel":"info","logLevels":{},"excludeDriverLogs":[],"bail":0,"waitforInterval":500,"waitforTimeout":60000,"_":"48 more keys: [\"framework\",\"reporters\",\"services\",\"maxInstances\",\"maxInstancesPerCapability\",\"filesToWatch\",\"connectionRetryTimeout\",\"connectionRetryCount\",\"execArgv\",\"runnerEnv\",\"runner\",\"specFileRetries\",\"specFileRetriesDelay\",\"specFileRetriesDeferred\",\"reporterSyncInterval\",\"reporterSyncTimeout\",\"cucumberFeaturesWithLineNumbers\",\"autoCompileOpts\",\"mochaOpts\",\"jasmineOpts\",\"cucumberOpts\",\"onPrepare\",\"onWorkerStart\",\"before\",\"beforeSession\",\"beforeSuite\",\"beforeHook\",\"beforeTest\",\"beforeCommand\",\"afterCommand\",\"afterTest\",\"afterHook\",\"afterSuite\",\"afterSession\",\"after\",\"onComplete\",\"onReload\",\"beforeFeature\",\"beforeScenario\",\"beforeStep\",\"afterStep\",\"afterScenario\",\"afterFeature\",\"params\",\"baseUrl\",\"_\",\"$0\",\"ignoredWorkerServices\"]"}},"isReactElement":false}}
RESULT: {}
RESULT: {"id":{"sessionId":"e09c50fc9c83f7e57264b846bb8e165b","elementId":"f3cbaba4-d9e1-4d1f-adf2-45acc2b5ede1","element-6066-11e4-a52e-4f735466cecf":"f3cbaba4-d9e1-4d1f-adf2-45acc2b5ede1","selector":"#mcmp-iframe","parent":{"capabilities":{"acceptInsecureCerts":true,"browserName":"chrome","browserVersion":"92.0.4515.107","chrome":{"chromedriverVersion":"92.0.4515.107 (87a818b10553a07434ea9e2b6dccf3cbe7895134-refs/branch-heads/4515@{#1634})","userDataDir":"/tmp/.com.google.Chrome.zc8QRt"},"goog:chromeOptions":{"debuggerAddress":"localhost:35545"},"networkConnectionEnabled":false,"pageLoadStrategy":"normal","platformName":"linux","proxy":{},"setWindowRect":true,"_":"7 more keys: [\"strictFileInteractability\",\"timeouts\",\"unhandledPromptBehavior\",\"webauthn:extension:credBlob\",\"webauthn:extension:largeBlob\",\"webauthn:virtualAuthenticators\",\"webdriver.remote.sessionid\"]"},"config":{"specs":["./e2e/specs/login.spec.js"],"suites":{},"exclude":[],"outputDir":"wdio-logs","logLevel":"info","logLevels":{},"excludeDriverLogs":[],"bail":0,"waitforInterval":500,"waitforTimeout":60000,"_":"48 more keys: [\"framework\",\"reporters\",\"services\",\"maxInstances\",\"maxInstancesPerCapability\",\"filesToWatch\",\"connectionRetryTimeout\",\"connectionRetryCount\",\"execArgv\",\"runnerEnv\",\"runner\",\"specFileRetries\",\"specFileRetriesDelay\",\"specFileRetriesDeferred\",\"reporterSyncInterval\",\"reporterSyncTimeout\",\"cucumberFeaturesWithLineNumbers\",\"autoCompileOpts\",\"mochaOpts\",\"jasmineOpts\",\"cucumberOpts\",\"onPrepare\",\"onWorkerStart\",\"before\",\"beforeSession\",\"beforeSuite\",\"beforeHook\",\"beforeTest\",\"beforeCommand\",\"afterCommand\",\"afterTest\",\"afterHook\",\"afterSuite\",\"afterSession\",\"after\",\"onComplete\",\"onReload\",\"beforeFeature\",\"beforeScenario\",\"beforeStep\",\"afterStep\",\"afterScenario\",\"afterFeature\",\"params\",\"baseUrl\",\"_\",\"$0\",\"ignoredWorkerServices\"]"}},"isReactElement":false}}
COMMAND: POST /session/e09c50fc9c83f7e57264b846bb8e165b/element - {"using":"css selector","value":"h1.ibm--page-header__title"}
RESULT: {"using":"css selector","value":"h1.ibm--page-header__title"}
COMMAND: POST /session/e09c50fc9c83f7e57264b846bb8e165b/element - {"using":"css selector","value":"h1.ibm--page-header__title"}
RESULT: {"using":"css selector","value":"h1.ibm--page-header__title"}
COMMAND: POST /session/e09c50fc9c83f7e57264b846bb8e165b/element - {"using":"css selector","value":"h1.ibm--page-header__title"}
RESULT: {"using":"css selector","value":"h1.ibm--page-header__title"}
COMMAND: POST /session/e09c50fc9c83f7e57264b846bb8e165b/element - {"using":"css selector","value":"h1.ibm--page-header__title"}
RESULT: {"using":"css selector","value":"h1.ibm--page-header__title"}
COMMAND: POST /session/e09c50fc9c83f7e57264b846bb8e165b/element - {"using":"css selector","value":"h1.ibm--page-header__title"}
RESULT: {"using":"css selector","value":"h1.ibm--page-header__title"}
COMMAND: POST /session/e09c50fc9c83f7e57264b846bb8e165b/element - {"using":"css selector","value":"h1.ibm--page-header__title"}
RESULT: {"using":"css selector","value":"h1.ibm--page-header__title"}
COMMAND: POST /session/e09c50fc9c83f7e57264b846bb8e165b/element - {"using":"css selector","value":"h1.ibm--page-header__title"}
RESULT: {"using":"css selector","value":"h1.ibm--page-header__title"}
COMMAND: POST /session/e09c50fc9c83f7e57264b846bb8e165b/element - {"using":"css selector","value":"h1.ibm--page-header__title"}
RESULT: {"using":"css selector","value":"h1.ibm--page-header__title"}
COMMAND: POST /session/e09c50fc9c83f7e57264b846bb8e165b/element - {"using":"css selector","value":"h1.ibm--page-header__title"}
RESULT: {"using":"css selector","value":"h1.ibm--page-header__title"}
COMMAND: POST /session/e09c50fc9c83f7e57264b846bb8e165b/element - {"using":"css selector","value":"h1.ibm--page-header__title"}
RESULT: {"using":"css selector","value":"h1.ibm--page-header__title"}
COMMAND: POST /session/e09c50fc9c83f7e57264b846bb8e165b/execute/sync - {"script":"return (function isElementDisplayed(element) {\n    function nodeIsElement(node) {\n        if (!node) {\n            return false;\n        }\n        switch (node.nodeType) {\n            case Node.ELEMEN ... (7762 more bytes)","args":[{"element-6066-11e4-a52e-4f735466cecf":"18e8d75d-0ec6-4ec8-a2de-0a3259425c8a","ELEMENT":"18e8d75d-0ec6-4ec8-a2de-0a3259425c8a"}]}
RESULT: {"script":"return (function isElementDisplayed(element) {\n    function nodeIsElement(node) {\n        if (!node) {\n            return false;\n        }\n        switch (node.nodeType) {\n            case Node.ELEMEN ... (7762 more bytes)","args":[{"element-6066-11e4-a52e-4f735466cecf":"18e8d75d-0ec6-4ec8-a2de-0a3259425c8a","ELEMENT":"18e8d75d-0ec6-4ec8-a2de-0a3259425c8a"}]}
COMMAND: GET /session/e09c50fc9c83f7e57264b846bb8e165b/element/18e8d75d-0ec6-4ec8-a2de-0a3259425c8a/text - {}
RESULT: {}
</system-out>
    </testcase>
    <testcase classname="chrome.92_0_4515_107.linux.Sanity Tests for MCMP" name="Go to Approve orders page" time="1.59">
      <system-out>
COMMAND: POST /session/e09c50fc9c83f7e57264b846bb8e165b/frame - {"id":null}
COMMAND: POST /session/e09c50fc9c83f7e57264b846bb8e165b/element - {"using":"css selector","value":"ibm-hamburger button"}
RESULT: {"id":null}
RESULT: {"using":"css selector","value":"ibm-hamburger button"}
COMMAND: POST /session/e09c50fc9c83f7e57264b846bb8e165b/execute/sync - {"script":"return (function isElementDisplayed(element) {\n    function nodeIsElement(node) {\n        if (!node) {\n            return false;\n        }\n        switch (node.nodeType) {\n            case Node.ELEMEN ... (7762 more bytes)","args":[{"element-6066-11e4-a52e-4f735466cecf":"3af97db7-6784-441a-929e-f5defd61d426","ELEMENT":"3af97db7-6784-441a-929e-f5defd61d426"}]}
RESULT: {"script":"return (function isElementDisplayed(element) {\n    function nodeIsElement(node) {\n        if (!node) {\n            return false;\n        }\n        switch (node.nodeType) {\n            case Node.ELEMEN ... (7762 more bytes)","args":[{"element-6066-11e4-a52e-4f735466cecf":"3af97db7-6784-441a-929e-f5defd61d426","ELEMENT":"3af97db7-6784-441a-929e-f5defd61d426"}]}
COMMAND: POST /session/e09c50fc9c83f7e57264b846bb8e165b/execute/sync - {"script":"return (function isElementClickable(elem) {\n    if (!elem.getBoundingClientRect || !elem.scrollIntoView || !elem.contains || !elem.getClientRects || !document.elementFromPoint) {\n        return false; ... (5149 more bytes)","args":[{"element-6066-11e4-a52e-4f735466cecf":"3af97db7-6784-441a-929e-f5defd61d426","ELEMENT":"3af97db7-6784-441a-929e-f5defd61d426"}]}
RESULT: {"script":"return (function isElementClickable(elem) {\n    if (!elem.getBoundingClientRect || !elem.scrollIntoView || !elem.contains || !elem.getClientRects || !document.elementFromPoint) {\n        return false; ... (5149 more bytes)","args":[{"element-6066-11e4-a52e-4f735466cecf":"3af97db7-6784-441a-929e-f5defd61d426","ELEMENT":"3af97db7-6784-441a-929e-f5defd61d426"}]}
COMMAND: POST /session/e09c50fc9c83f7e57264b846bb8e165b/element/3af97db7-6784-441a-929e-f5defd61d426/click - {}
RESULT: {}
COMMAND: GET /session/e09c50fc9c83f7e57264b846bb8e165b/screenshot - {}
COMMAND: POST /session/e09c50fc9c83f7e57264b846bb8e165b/element - {"using":"css selector","value":".bx--side-nav__submenu"}
RESULT: {}
RESULT: {"using":"css selector","value":".bx--side-nav__submenu"}
COMMAND: POST /session/e09c50fc9c83f7e57264b846bb8e165b/execute/sync - {"script":"return (function isElementDisplayed(element) {\n    function nodeIsElement(node) {\n        if (!node) {\n            return false;\n        }\n        switch (node.nodeType) {\n            case Node.ELEMEN ... (7762 more bytes)","args":[{"element-6066-11e4-a52e-4f735466cecf":"f986289e-6cd2-4c06-93d3-16a52b454119","ELEMENT":"f986289e-6cd2-4c06-93d3-16a52b454119"}]}
RESULT: {"script":"return (function isElementDisplayed(element) {\n    function nodeIsElement(node) {\n        if (!node) {\n            return false;\n        }\n        switch (node.nodeType) {\n            case Node.ELEMEN ... (7762 more bytes)","args":[{"element-6066-11e4-a52e-4f735466cecf":"f986289e-6cd2-4c06-93d3-16a52b454119","ELEMENT":"f986289e-6cd2-4c06-93d3-16a52b454119"}]}
COMMAND: POST /session/e09c50fc9c83f7e57264b846bb8e165b/execute/sync - {"script":"return (function isElementClickable(elem) {\n    if (!elem.getBoundingClientRect || !elem.scrollIntoView || !elem.contains || !elem.getClientRects || !document.elementFromPoint) {\n        return false; ... (5149 more bytes)","args":[{"element-6066-11e4-a52e-4f735466cecf":"f986289e-6cd2-4c06-93d3-16a52b454119","ELEMENT":"f986289e-6cd2-4c06-93d3-16a52b454119"}]}
RESULT: {"script":"return (function isElementClickable(elem) {\n    if (!elem.getBoundingClientRect || !elem.scrollIntoView || !elem.contains || !elem.getClientRects || !document.elementFromPoint) {\n        return false; ... (5149 more bytes)","args":[{"element-6066-11e4-a52e-4f735466cecf":"f986289e-6cd2-4c06-93d3-16a52b454119","ELEMENT":"f986289e-6cd2-4c06-93d3-16a52b454119"}]}
COMMAND: POST /session/e09c50fc9c83f7e57264b846bb8e165b/element - {"using":"xpath","value":"//*[@class='bx--side-nav__submenu']//*[text()='Enterprise Marketplace']"}
RESULT: {"using":"xpath","value":"//*[@class='bx--side-nav__submenu']//*[text()='Enterprise Marketplace']"}
COMMAND: POST /session/e09c50fc9c83f7e57264b846bb8e165b/execute/sync - {"script":"return (function isElementDisplayed(element) {\n    function nodeIsElement(node) {\n        if (!node) {\n            return false;\n        }\n        switch (node.nodeType) {\n            case Node.ELEMEN ... (7762 more bytes)","args":[{"element-6066-11e4-a52e-4f735466cecf":"e8151f5d-8e4a-4c72-a1c1-83632f160bff","ELEMENT":"e8151f5d-8e4a-4c72-a1c1-83632f160bff"}]}
RESULT: {"script":"return (function isElementDisplayed(element) {\n    function nodeIsElement(node) {\n        if (!node) {\n            return false;\n        }\n        switch (node.nodeType) {\n            case Node.ELEMEN ... (7762 more bytes)","args":[{"element-6066-11e4-a52e-4f735466cecf":"e8151f5d-8e4a-4c72-a1c1-83632f160bff","ELEMENT":"e8151f5d-8e4a-4c72-a1c1-83632f160bff"}]}
COMMAND: POST /session/e09c50fc9c83f7e57264b846bb8e165b/execute/sync - {"script":"return (function isElementClickable(elem) {\n    if (!elem.getBoundingClientRect || !elem.scrollIntoView || !elem.contains || !elem.getClientRects || !document.elementFromPoint) {\n        return false; ... (5149 more bytes)","args":[{"element-6066-11e4-a52e-4f735466cecf":"e8151f5d-8e4a-4c72-a1c1-83632f160bff","ELEMENT":"e8151f5d-8e4a-4c72-a1c1-83632f160bff"}]}
RESULT: {"script":"return (function isElementClickable(elem) {\n    if (!elem.getBoundingClientRect || !elem.scrollIntoView || !elem.contains || !elem.getClientRects || !document.elementFromPoint) {\n        return false; ... (5149 more bytes)","args":[{"element-6066-11e4-a52e-4f735466cecf":"e8151f5d-8e4a-4c72-a1c1-83632f160bff","ELEMENT":"e8151f5d-8e4a-4c72-a1c1-83632f160bff"}]}
COMMAND: POST /session/e09c50fc9c83f7e57264b846bb8e165b/element/e8151f5d-8e4a-4c72-a1c1-83632f160bff/click - {}
RESULT: {}
COMMAND: GET /session/e09c50fc9c83f7e57264b846bb8e165b/screenshot - {}
COMMAND: POST /session/e09c50fc9c83f7e57264b846bb8e165b/element - {"using":"xpath","value":"//*[@class='bx--side-nav__submenu-title' and text()='Enterprise Marketplace']/parent::button"}
RESULT: {}
RESULT: {"using":"xpath","value":"//*[@class='bx--side-nav__submenu-title' and text()='Enterprise Marketplace']/parent::button"}
COMMAND: GET /session/e09c50fc9c83f7e57264b846bb8e165b/element/5e4392b2-ac6e-4742-b1be-47dd61b85385/enabled - {}
RESULT: {}
COMMAND: GET /session/e09c50fc9c83f7e57264b846bb8e165b/screenshot - {}
COMMAND: GET /session/e09c50fc9c83f7e57264b846bb8e165b/element/5e4392b2-ac6e-4742-b1be-47dd61b85385/attribute/aria-expanded - {}
RESULT: {}
RESULT: {}
COMMAND: POST /session/e09c50fc9c83f7e57264b846bb8e165b/element - {"using":"css selector","value":".bx--side-nav__submenu"}
RESULT: {"using":"css selector","value":".bx--side-nav__submenu"}
COMMAND: POST /session/e09c50fc9c83f7e57264b846bb8e165b/execute/sync - {"script":"return (function isElementDisplayed(element) {\n    function nodeIsElement(node) {\n        if (!node) {\n            return false;\n        }\n        switch (node.nodeType) {\n            case Node.ELEMEN ... (7762 more bytes)","args":[{"element-6066-11e4-a52e-4f735466cecf":"f986289e-6cd2-4c06-93d3-16a52b454119","ELEMENT":"f986289e-6cd2-4c06-93d3-16a52b454119"}]}
RESULT: {"script":"return (function isElementDisplayed(element) {\n    function nodeIsElement(node) {\n        if (!node) {\n            return false;\n        }\n        switch (node.nodeType) {\n            case Node.ELEMEN ... (7762 more bytes)","args":[{"element-6066-11e4-a52e-4f735466cecf":"f986289e-6cd2-4c06-93d3-16a52b454119","ELEMENT":"f986289e-6cd2-4c06-93d3-16a52b454119"}]}
COMMAND: POST /session/e09c50fc9c83f7e57264b846bb8e165b/execute/sync - {"script":"return (function isElementClickable(elem) {\n    if (!elem.getBoundingClientRect || !elem.scrollIntoView || !elem.contains || !elem.getClientRects || !document.elementFromPoint) {\n        return false; ... (5149 more bytes)","args":[{"element-6066-11e4-a52e-4f735466cecf":"f986289e-6cd2-4c06-93d3-16a52b454119","ELEMENT":"f986289e-6cd2-4c06-93d3-16a52b454119"}]}
RESULT: {"script":"return (function isElementClickable(elem) {\n    if (!elem.getBoundingClientRect || !elem.scrollIntoView || !elem.contains || !elem.getClientRects || !document.elementFromPoint) {\n        return false; ... (5149 more bytes)","args":[{"element-6066-11e4-a52e-4f735466cecf":"f986289e-6cd2-4c06-93d3-16a52b454119","ELEMENT":"f986289e-6cd2-4c06-93d3-16a52b454119"}]}
COMMAND: POST /session/e09c50fc9c83f7e57264b846bb8e165b/element - {"using":"xpath","value":"//*[@class='bx--side-nav__submenu']//*[text()='Enterprise Marketplace']"}
RESULT: {"using":"xpath","value":"//*[@class='bx--side-nav__submenu']//*[text()='Enterprise Marketplace']"}
COMMAND: POST /session/e09c50fc9c83f7e57264b846bb8e165b/execute/sync - {"script":"return (function isElementDisplayed(element) {\n    function nodeIsElement(node) {\n        if (!node) {\n            return false;\n        }\n        switch (node.nodeType) {\n            case Node.ELEMEN ... (7762 more bytes)","args":[{"element-6066-11e4-a52e-4f735466cecf":"e8151f5d-8e4a-4c72-a1c1-83632f160bff","ELEMENT":"e8151f5d-8e4a-4c72-a1c1-83632f160bff"}]}
RESULT: {"script":"return (function isElementDisplayed(element) {\n    function nodeIsElement(node) {\n        if (!node) {\n            return false;\n        }\n        switch (node.nodeType) {\n            case Node.ELEMEN ... (7762 more bytes)","args":[{"element-6066-11e4-a52e-4f735466cecf":"e8151f5d-8e4a-4c72-a1c1-83632f160bff","ELEMENT":"e8151f5d-8e4a-4c72-a1c1-83632f160bff"}]}
COMMAND: POST /session/e09c50fc9c83f7e57264b846bb8e165b/execute/sync - {"script":"return (function isElementClickable(elem) {\n    if (!elem.getBoundingClientRect || !elem.scrollIntoView || !elem.contains || !elem.getClientRects || !document.elementFromPoint) {\n        return false; ... (5149 more bytes)","args":[{"element-6066-11e4-a52e-4f735466cecf":"e8151f5d-8e4a-4c72-a1c1-83632f160bff","ELEMENT":"e8151f5d-8e4a-4c72-a1c1-83632f160bff"}]}
RESULT: {"script":"return (function isElementClickable(elem) {\n    if (!elem.getBoundingClientRect || !elem.scrollIntoView || !elem.contains || !elem.getClientRects || !document.elementFromPoint) {\n        return false; ... (5149 more bytes)","args":[{"element-6066-11e4-a52e-4f735466cecf":"e8151f5d-8e4a-4c72-a1c1-83632f160bff","ELEMENT":"e8151f5d-8e4a-4c72-a1c1-83632f160bff"}]}
COMMAND: POST /session/e09c50fc9c83f7e57264b846bb8e165b/element/e8151f5d-8e4a-4c72-a1c1-83632f160bff/click - {}
RESULT: {}
COMMAND: GET /session/e09c50fc9c83f7e57264b846bb8e165b/screenshot - {}
COMMAND: POST /session/e09c50fc9c83f7e57264b846bb8e165b/element - {"using":"css selector","value":".bx--side-nav__link"}
RESULT: {}
RESULT: {"using":"css selector","value":".bx--side-nav__link"}
COMMAND: POST /session/e09c50fc9c83f7e57264b846bb8e165b/execute/sync - {"script":"return (function isElementDisplayed(element) {\n    function nodeIsElement(node) {\n        if (!node) {\n            return false;\n        }\n        switch (node.nodeType) {\n            case Node.ELEMEN ... (7762 more bytes)","args":[{"element-6066-11e4-a52e-4f735466cecf":"d885001a-bc99-4bbe-b91f-4672428ccd93","ELEMENT":"d885001a-bc99-4bbe-b91f-4672428ccd93"}]}
RESULT: {"script":"return (function isElementDisplayed(element) {\n    function nodeIsElement(node) {\n        if (!node) {\n            return false;\n        }\n        switch (node.nodeType) {\n            case Node.ELEMEN ... (7762 more bytes)","args":[{"element-6066-11e4-a52e-4f735466cecf":"d885001a-bc99-4bbe-b91f-4672428ccd93","ELEMENT":"d885001a-bc99-4bbe-b91f-4672428ccd93"}]}
COMMAND: POST /session/e09c50fc9c83f7e57264b846bb8e165b/execute/sync - {"script":"return (function isElementClickable(elem) {\n    if (!elem.getBoundingClientRect || !elem.scrollIntoView || !elem.contains || !elem.getClientRects || !document.elementFromPoint) {\n        return false; ... (5149 more bytes)","args":[{"element-6066-11e4-a52e-4f735466cecf":"d885001a-bc99-4bbe-b91f-4672428ccd93","ELEMENT":"d885001a-bc99-4bbe-b91f-4672428ccd93"}]}
RESULT: {"script":"return (function isElementClickable(elem) {\n    if (!elem.getBoundingClientRect || !elem.scrollIntoView || !elem.contains || !elem.getClientRects || !document.elementFromPoint) {\n        return false; ... (5149 more bytes)","args":[{"element-6066-11e4-a52e-4f735466cecf":"d885001a-bc99-4bbe-b91f-4672428ccd93","ELEMENT":"d885001a-bc99-4bbe-b91f-4672428ccd93"}]}
COMMAND: POST /session/e09c50fc9c83f7e57264b846bb8e165b/element - {"using":"xpath","value":"//*[@class='bx--side-nav__link']//*[contains(text(),'Approve Orders')]"}
RESULT: {"using":"xpath","value":"//*[@class='bx--side-nav__link']//*[contains(text(),'Approve Orders')]"}
COMMAND: POST /session/e09c50fc9c83f7e57264b846bb8e165b/execute/sync - {"script":"return (function isElementDisplayed(element) {\n    function nodeIsElement(node) {\n        if (!node) {\n            return false;\n        }\n        switch (node.nodeType) {\n            case Node.ELEMEN ... (7762 more bytes)","args":[{"element-6066-11e4-a52e-4f735466cecf":"aa4465ca-cb81-4e92-b8b0-cd905e019106","ELEMENT":"aa4465ca-cb81-4e92-b8b0-cd905e019106"}]}
RESULT: {"script":"return (function isElementDisplayed(element) {\n    function nodeIsElement(node) {\n        if (!node) {\n            return false;\n        }\n        switch (node.nodeType) {\n            case Node.ELEMEN ... (7762 more bytes)","args":[{"element-6066-11e4-a52e-4f735466cecf":"aa4465ca-cb81-4e92-b8b0-cd905e019106","ELEMENT":"aa4465ca-cb81-4e92-b8b0-cd905e019106"}]}
COMMAND: POST /session/e09c50fc9c83f7e57264b846bb8e165b/execute/sync - {"script":"return (function isElementClickable(elem) {\n    if (!elem.getBoundingClientRect || !elem.scrollIntoView || !elem.contains || !elem.getClientRects || !document.elementFromPoint) {\n        return false; ... (5149 more bytes)","args":[{"element-6066-11e4-a52e-4f735466cecf":"aa4465ca-cb81-4e92-b8b0-cd905e019106","ELEMENT":"aa4465ca-cb81-4e92-b8b0-cd905e019106"}]}
RESULT: {"script":"return (function isElementClickable(elem) {\n    if (!elem.getBoundingClientRect || !elem.scrollIntoView || !elem.contains || !elem.getClientRects || !document.elementFromPoint) {\n        return false; ... (5149 more bytes)","args":[{"element-6066-11e4-a52e-4f735466cecf":"aa4465ca-cb81-4e92-b8b0-cd905e019106","ELEMENT":"aa4465ca-cb81-4e92-b8b0-cd905e019106"}]}
COMMAND: POST /session/e09c50fc9c83f7e57264b846bb8e165b/element/aa4465ca-cb81-4e92-b8b0-cd905e019106/click - {}
RESULT: {}
COMMAND: GET /session/e09c50fc9c83f7e57264b846bb8e165b/screenshot - {}
COMMAND: POST /session/e09c50fc9c83f7e57264b846bb8e165b/element - {"using":"css selector","value":"#mcmp-iframe"}
RESULT: {}
RESULT: {"using":"css selector","value":"#mcmp-iframe"}
COMMAND: POST /session/e09c50fc9c83f7e57264b846bb8e165b/frame - {"id":{"sessionId":"e09c50fc9c83f7e57264b846bb8e165b","elementId":"f3cbaba4-d9e1-4d1f-adf2-45acc2b5ede1","element-6066-11e4-a52e-4f735466cecf":"f3cbaba4-d9e1-4d1f-adf2-45acc2b5ede1","selector":"#mcmp-iframe","parent":{"capabilities":{"acceptInsecureCerts":true,"browserName":"chrome","browserVersion":"92.0.4515.107","chrome":{"chromedriverVersion":"92.0.4515.107 (87a818b10553a07434ea9e2b6dccf3cbe7895134-refs/branch-heads/4515@{#1634})","userDataDir":"/tmp/.com.google.Chrome.zc8QRt"},"goog:chromeOptions":{"debuggerAddress":"localhost:35545"},"networkConnectionEnabled":false,"pageLoadStrategy":"normal","platformName":"linux","proxy":{},"setWindowRect":true,"_":"7 more keys: [\"strictFileInteractability\",\"timeouts\",\"unhandledPromptBehavior\",\"webauthn:extension:credBlob\",\"webauthn:extension:largeBlob\",\"webauthn:virtualAuthenticators\",\"webdriver.remote.sessionid\"]"},"config":{"specs":["./e2e/specs/login.spec.js"],"suites":{},"exclude":[],"outputDir":"wdio-logs","logLevel":"info","logLevels":{},"excludeDriverLogs":[],"bail":0,"waitforInterval":500,"waitforTimeout":60000,"_":"48 more keys: [\"framework\",\"reporters\",\"services\",\"maxInstances\",\"maxInstancesPerCapability\",\"filesToWatch\",\"connectionRetryTimeout\",\"connectionRetryCount\",\"execArgv\",\"runnerEnv\",\"runner\",\"specFileRetries\",\"specFileRetriesDelay\",\"specFileRetriesDeferred\",\"reporterSyncInterval\",\"reporterSyncTimeout\",\"cucumberFeaturesWithLineNumbers\",\"autoCompileOpts\",\"mochaOpts\",\"jasmineOpts\",\"cucumberOpts\",\"onPrepare\",\"onWorkerStart\",\"before\",\"beforeSession\",\"beforeSuite\",\"beforeHook\",\"beforeTest\",\"beforeCommand\",\"afterCommand\",\"afterTest\",\"afterHook\",\"afterSuite\",\"afterSession\",\"after\",\"onComplete\",\"onReload\",\"beforeFeature\",\"beforeScenario\",\"beforeStep\",\"afterStep\",\"afterScenario\",\"afterFeature\",\"params\",\"baseUrl\",\"_\",\"$0\",\"ignoredWorkerServices\"]"}},"isReactElement":false}}
RESULT: {"id":{"sessionId":"e09c50fc9c83f7e57264b846bb8e165b","elementId":"f3cbaba4-d9e1-4d1f-adf2-45acc2b5ede1","element-6066-11e4-a52e-4f735466cecf":"f3cbaba4-d9e1-4d1f-adf2-45acc2b5ede1","selector":"#mcmp-iframe","parent":{"capabilities":{"acceptInsecureCerts":true,"browserName":"chrome","browserVersion":"92.0.4515.107","chrome":{"chromedriverVersion":"92.0.4515.107 (87a818b10553a07434ea9e2b6dccf3cbe7895134-refs/branch-heads/4515@{#1634})","userDataDir":"/tmp/.com.google.Chrome.zc8QRt"},"goog:chromeOptions":{"debuggerAddress":"localhost:35545"},"networkConnectionEnabled":false,"pageLoadStrategy":"normal","platformName":"linux","proxy":{},"setWindowRect":true,"_":"7 more keys: [\"strictFileInteractability\",\"timeouts\",\"unhandledPromptBehavior\",\"webauthn:extension:credBlob\",\"webauthn:extension:largeBlob\",\"webauthn:virtualAuthenticators\",\"webdriver.remote.sessionid\"]"},"config":{"specs":["./e2e/specs/login.spec.js"],"suites":{},"exclude":[],"outputDir":"wdio-logs","logLevel":"info","logLevels":{},"excludeDriverLogs":[],"bail":0,"waitforInterval":500,"waitforTimeout":60000,"_":"48 more keys: [\"framework\",\"reporters\",\"services\",\"maxInstances\",\"maxInstancesPerCapability\",\"filesToWatch\",\"connectionRetryTimeout\",\"connectionRetryCount\",\"execArgv\",\"runnerEnv\",\"runner\",\"specFileRetries\",\"specFileRetriesDelay\",\"specFileRetriesDeferred\",\"reporterSyncInterval\",\"reporterSyncTimeout\",\"cucumberFeaturesWithLineNumbers\",\"autoCompileOpts\",\"mochaOpts\",\"jasmineOpts\",\"cucumberOpts\",\"onPrepare\",\"onWorkerStart\",\"before\",\"beforeSession\",\"beforeSuite\",\"beforeHook\",\"beforeTest\",\"beforeCommand\",\"afterCommand\",\"afterTest\",\"afterHook\",\"afterSuite\",\"afterSession\",\"after\",\"onComplete\",\"onReload\",\"beforeFeature\",\"beforeScenario\",\"beforeStep\",\"afterStep\",\"afterScenario\",\"afterFeature\",\"params\",\"baseUrl\",\"_\",\"$0\",\"ignoredWorkerServices\"]"}},"isReactElement":false}}
COMMAND: POST /session/e09c50fc9c83f7e57264b846bb8e165b/element - {"using":"css selector","value":"h1.ibm--page-header__title"}
RESULT: {"using":"css selector","value":"h1.ibm--page-header__title"}
COMMAND: POST /session/e09c50fc9c83f7e57264b846bb8e165b/execute/sync - {"script":"return (function isElementDisplayed(element) {\n    function nodeIsElement(node) {\n        if (!node) {\n            return false;\n        }\n        switch (node.nodeType) {\n            case Node.ELEMEN ... (7762 more bytes)","args":[{"element-6066-11e4-a52e-4f735466cecf":"18e8d75d-0ec6-4ec8-a2de-0a3259425c8a","ELEMENT":"18e8d75d-0ec6-4ec8-a2de-0a3259425c8a"}]}
RESULT: {"script":"return (function isElementDisplayed(element) {\n    function nodeIsElement(node) {\n        if (!node) {\n            return false;\n        }\n        switch (node.nodeType) {\n            case Node.ELEMEN ... (7762 more bytes)","args":[{"element-6066-11e4-a52e-4f735466cecf":"18e8d75d-0ec6-4ec8-a2de-0a3259425c8a","ELEMENT":"18e8d75d-0ec6-4ec8-a2de-0a3259425c8a"}]}
COMMAND: GET /session/e09c50fc9c83f7e57264b846bb8e165b/element/18e8d75d-0ec6-4ec8-a2de-0a3259425c8a/text - {}
RESULT: {}
COMMAND: GET /session/e09c50fc9c83f7e57264b846bb8e165b/se/log/types - {}
RESULT: {}
COMMAND: POST /session/e09c50fc9c83f7e57264b846bb8e165b/se/log - {"type":"driver"}
COMMAND: POST /session/e09c50fc9c83f7e57264b846bb8e165b/se/log - {"type":"browser"}
RESULT: {"type":"driver"}
RESULT: {"type":"browser"}
COMMAND: DELETE /session/e09c50fc9c83f7e57264b846bb8e165b - {}
RESULT: {}
</system-out>
    </testcase>
  </testsuite>
</testsuites>